// Jest Snapshot v1, https://goo.gl/fbAQLP

exports[`<Accordion /> renders successfully 1`] = `
<div
  className="accordion"
>
  <div
    className="card"
    data-id={1}
    onClick={[Function]}
  >
    <div
      className="card-header p-1"
    >
      <h2
        className="mb-0"
      >
        <div
          className="btn btn-block text-left"
          type="button"
        >
          Header 1
        </div>
      </h2>
      <svg
        aria-hidden="true"
        className="svg-inline--fa fa-chevron-down fa-w-14 "
        data-icon="chevron-down"
        data-prefix="fas"
        focusable="false"
        role="img"
        style={Object {}}
        viewBox="0 0 448 512"
        xmlns="http://www.w3.org/2000/svg"
      >
        <path
          d="M207.029 381.476L12.686 187.132c-9.373-9.373-9.373-24.569 0-33.941l22.667-22.667c9.357-9.357 24.522-9.375 33.901-.04L224 284.505l154.745-154.021c9.379-9.335 24.544-9.317 33.901.04l22.667 22.667c9.373 9.373 9.373 24.569 0 33.941L240.971 381.476c-9.373 9.372-24.569 9.372-33.942 0z"
          fill="currentColor"
          style={Object {}}
        />
      </svg>
    </div>
    <div
      className="collapse"
    >
      <div
        className="card-body p-0"
      >
        This is a cell body - 1
      </div>
    </div>
  </div>
  <div
    className="card"
    data-id={2}
    onClick={[Function]}
  >
    <div
      className="card-header p-1"
    >
      <h2
        className="mb-0"
      >
        <div
          className="btn btn-block text-left"
          type="button"
        >
          Header 2
        </div>
      </h2>
      <svg
        aria-hidden="true"
        className="svg-inline--fa fa-chevron-down fa-w-14 "
        data-icon="chevron-down"
        data-prefix="fas"
        focusable="false"
        role="img"
        style={Object {}}
        viewBox="0 0 448 512"
        xmlns="http://www.w3.org/2000/svg"
      >
        <path
          d="M207.029 381.476L12.686 187.132c-9.373-9.373-9.373-24.569 0-33.941l22.667-22.667c9.357-9.357 24.522-9.375 33.901-.04L224 284.505l154.745-154.021c9.379-9.335 24.544-9.317 33.901.04l22.667 22.667c9.373 9.373 9.373 24.569 0 33.941L240.971 381.476c-9.373 9.372-24.569 9.372-33.942 0z"
          fill="currentColor"
          style={Object {}}
        />
      </svg>
    </div>
    <div
      className="collapse"
    >
      <div
        className="card-body p-0"
      >
        This is a cell body - 2
      </div>
    </div>
  </div>
</div>
`;
